// Jest Snapshot v1, https://goo.gl/fbAQLP

exports[`matches snapshot 1`] = `
<DocumentFragment>
  <div
    class="CoinContainer"
  >
    <h2>
      Let's flip coin(s)!
    </h2>
    <p>
      <button>
        Flip!
      </button>
      <button>
        Reset
      </button>
    </p>
    <p>
      Out of 0 flip(s), there are 0 heads and 0 tails.
    </p>
  </div>
</DocumentFragment>
`;
